// Jest Snapshot v1, https://goo.gl/fbAQLP

exports[`Characters Test Renders an Characters 1`] = `
<Fragment>
  <div />
</Fragment>
`;
